// Vitest Snapshot v1, https://vitest.dev/guide/snapshot.html

exports[`ActionMessage component > renders correctly 1`] = `
<div
  class="bg-white rounded-lg shadow dark:bg-gray-700 p-4"
>
  <h3
    class="text-xl text-center font-semibold dark:text-white mb-4"
  >
    Test Title
  </h3>
  <p
    class="text-base text-center text-gray-500 dark:text-gray-400 mb-4"
  >
    Test Message
  </p>
  <div
    class="flex justify-center"
  >
    <button
      class="flex bg-gradient-to-br hover:bg-gradient-to-tl items-center text-white font-medium rounded-lg text-sm px-5 py-2.5 focus:ring-4 focus:outline-none text-center from-pink-500 via-pink-600 to-pink-700 focus:ring-pink-300 dark:focus:ring-pink-800"
      type="button"
    >
      Test Action
    </button>
    <button
      class="flex bg-gradient-to-br hover:bg-gradient-to-tl items-center text-white font-medium rounded-lg text-sm px-5 py-2.5 focus:ring-4 focus:outline-none text-center from-floyd-400 via-floyd-600 to-floyd-700 focus:ring-floyd-300 dark:focus:ring-floyd-800 ml-8"
      id="cancel-button"
      type="button"
    >
      button.action_button
    </button>
  </div>
</div>
`;
