// Vitest Snapshot v1, https://vitest.dev/guide/snapshot.html

exports[`FAB component > renders correctly 1`] = `
<div
  class="flex cursor-pointer bg-green-500 hover:bg-green-600 active:bg-green-700 dark:bg-gradient-to-t dark:from-green-500 dark:to-floyd-600 dark:hover:bg-gradient-to-tr dark:shadow-green-500/40 dark:shadow-lg rounded-md rotate-45"
  tabindex="0"
>
  <plus-icon-stub
    class="h-8 fill-white m-auto rotate-45"
  />
</div>
`;
