// Vitest Snapshot v1, https://vitest.dev/guide/snapshot.html

exports[`FormImageDisplay component > renders correctly 1`] = `
<img
  alt="Image"
  class=""
/>
`;
